// Vitest Snapshot v1

exports[`<GridTwoColumns /> > should render grid with two columns 1`] = `
.c5 {
  color: #0D0D0D;
  font-size: 6.4rem;
  text-transform: uppercase;
}

.c2 {
  display: grid;
  grid-template-columns: 1fr 2fr;
  -webkit-align-items: center;
  -webkit-box-align: center;
  -ms-flex-align: center;
  align-items: center;
  gap: 3.2rem;
}

.c2 .c4 {
  margin-bottom: 4.0rem;
}

.c7 {
  width: 100%;
}

.c1 {
  max-width: 120rem;
  margin: 0 auto;
  padding: 3.2rem;
}

.c0 {
  background: #F2DFDF;
  color: #0D0D0D;
  min-height: 100vh;
  display: -webkit-box;
  display: -webkit-flex;
  display: -ms-flexbox;
  display: flex;
  -webkit-align-items: center;
  -webkit-box-align: center;
  -ms-flex-align: center;
  align-items: center;
}

.c6 {
  font-size: 2.4rem;
}

@media (max-width:768px) {
  .c5 {
    font-size: 4.0rem;
  }
}

@media (max-width:768px) {
  .c2 {
    grid-template-columns: 1fr;
    text-align: center;
  }
}

@media (max-width:768px) {
  .c3 {
    margin-bottom: 3.2rem;
  }
}

<div>
  <div
    class="c0"
  >
    <div
      class="c1"
    >
      <div
        class="c2"
      >
        <div
          class="c3"
        >
          <h2
            class="c4 c5"
          >
            Grid two columns
          </h2>
          <p
            class="c6"
          >
            Lorem ipsum dolor sit amet, consectetur adipisicing elit. Beatae sit ullam aliquam maiores dicta ipsa, earum id, alias quae cupiditate, voluptatum minus eveniet rerum officia accusantium. Vel nemo possimus reprehenderit.
          </p>
        </div>
        <div
          class=""
        >
          <img
            alt="Grid two columns"
            class="c7"
            src="assets/images/logo.svg"
          />
        </div>
      </div>
    </div>
  </div>
</div>
`;
