// Vitest Snapshot v1

exports[`<GridContent /> > should render grid content 1`] = `
.c2 {
  text-align: center;
  max-width: 58rem;
  margin: 0 auto;
}

.c4 {
  margin: 6.4rem 0;
}

.c1 {
  max-width: 120rem;
  margin: 0 auto;
  padding: 3.2rem;
}

.c0 {
  background: #F2DFDF;
  color: #0D0D0D;
  min-height: 100vh;
  display: -webkit-box;
  display: -webkit-flex;
  display: -ms-flexbox;
  display: flex;
  -webkit-align-items: center;
  -webkit-box-align: center;
  -ms-flex-align: center;
  align-items: center;
}

.c5 {
  font-size: 2.4rem;
}

.c3 {
  color: #0D0D0D;
  font-size: 6.4rem;
  text-transform: uppercase;
}

@media (max-width:768px) {
  .c3 {
    font-size: 4.0rem;
  }
}

<div>
  <div
    class="c0"
  >
    <div
      class="c1"
    >
      <div
        class="c2"
      >
        <h2
          class="c3"
        >
          O título
        </h2>
        <div
          class="c4"
        >
          <p
            class="c5"
          >
            <p>
              Lorem ipsum dolor sit amet, consectetur adipiscing elit. Tu quidem reddes; Quod equidem non reprehendo; Audeo dicere, inquit. Duo Reges: constructio interrete. 
            </p>
            

  
            <p>
              Ita graviter et severe voluptatem secrevit a bono. Ratio quidem vestra sic cogit. Cur haec eadem Democritus? Minime vero, inquit ille, consentit. At hoc in eo M. Habent enim et bene longam et satis litigiosam disputationem. 
            </p>
            
  
          </p>
        </div>
      </div>
    </div>
  </div>
</div>
`;

exports[`<GridContent /> > should render grid content 2`] = `
.c2 {
  text-align: center;
  max-width: 58rem;
  margin: 0 auto;
}

.c4 {
  margin: 6.4rem 0;
}

.c1 {
  max-width: 120rem;
  margin: 0 auto;
  padding: 3.2rem;
}

.c0 {
  background: #F2DFDF;
  color: #0D0D0D;
  min-height: 100vh;
  display: -webkit-box;
  display: -webkit-flex;
  display: -ms-flexbox;
  display: flex;
  -webkit-align-items: center;
  -webkit-box-align: center;
  -ms-flex-align: center;
  align-items: center;
}

.c5 {
  font-size: 2.4rem;
}

.c3 {
  color: #0D0D0D;
  font-size: 6.4rem;
  text-transform: uppercase;
}

@media (max-width:768px) {
  .c3 {
    font-size: 4.0rem;
  }
}

<div>
  <div
    class="c0"
  >
    <div
      class="c1"
    >
      <div
        class="c2"
      >
        <h2
          class="c3"
        >
          O título
        </h2>
        <div
          class="c4"
        >
          <p
            class="c5"
          >
            <p>
              Lorem ipsum dolor sit amet, consectetur adipiscing elit. Tu quidem reddes; Quod equidem non reprehendo; Audeo dicere, inquit. Duo Reges: constructio interrete. 
            </p>
            

  
            <p>
              Ita graviter et severe voluptatem secrevit a bono. Ratio quidem vestra sic cogit. Cur haec eadem Democritus? Minime vero, inquit ille, consentit. At hoc in eo M. Habent enim et bene longam et satis litigiosam disputationem. 
            </p>
            
  
          </p>
        </div>
      </div>
    </div>
  </div>
</div>
`;
