// Vitest Snapshot v1

exports[`<MenuLink /> > should render open in a new tab 1`] = `
.c0 {
  display: block;
  -webkit-text-decoration: none;
  text-decoration: none;
  font-size: 1.6rem;
  padding: 1.6rem;
  color: #0D0D0D;
  position: relative;
}

.c0::after {
  content: '';
  position: absolute;
  bottom: 0.76rem;
  left: 50%;
  width: 0;
  height: 0.2rem;
  background: #F2BDD0;
  -webkit-transition: all 300ms ease-in-out;
  transition: all 300ms ease-in-out;
}

.c0:hover::after {
  width: 50%;
  left: 25%;
}

<a
  class="c0"
  href="http://localhost"
  target="_self"
>
  Children
</a>
`;
